disengagement,استقرار
robustness,نیرومندی
temperance,محبت
prudence,احتیاط
maganim,دارو
courge,حوزه
virtues,خواص
rob,غارت
dignified,بلند مرتبه
allegory,تمثیل
proverbially,proverbially
accuracy,دقت
counteract,مقابله کن
distress,پریشانی
unambigous,یکپارچه
confrontational,مخالف
unanimity,ناگفته
discrete,گسسته
abomination,بی حوصلگی
disposability,یکبار مصرف
expressed,بیان
diversity,تنوع
